[backblue.gif]
[fade.gif]
[index.html]
[ger1-secondary.z32.web.core.windows.net/werrx01USAHTML/images/windows_11_logo_by_rejaneappel_dfpbq6p-fullview.png]
[ger1-secondary.z32.web.core.windows.net/werrx01USAHTML/images/website2.png]
[ger1-secondary.z32.web.core.windows.net/werrx01USAHTML/images/Pop.png]
[ger1-secondary.z32.web.core.windows.net/werrx01USAHTML/msmm.png]
[ger1-secondary.z32.web.core.windows.net/werrx01USAHTML/dm.png]
[ger1-secondary.z32.web.core.windows.net/werrx01USAHTML/cs.png]
[ger1-secondary.z32.web.core.windows.net/werrx01USAHTML/re.gif]
[ger1-secondary.z32.web.core.windows.net/werrx01USAHTML/images/wall.png]
[ger1-secondary.z32.web.core.windows.net/werrx01USAHTML/js/pscript.js]
[ger1-secondary.z32.web.core.windows.net/werrx01USAHTML/media/en.wav]
[ger1-secondary.z32.web.core.windows.net/werrx01USAHTML/js/jquery-3.2.1.min.js]
[ger1-secondary.z32.web.core.windows.net/werrx01USAHTML/index44a7.html]
[ger1-secondary.z32.web.core.windows.net/werrx01USAHTML/images/website.png]
[ger1-secondary.z32.web.core.windows.net/werrx01USAHTML/css/pstyle.css]
[ger1-secondary.z32.web.core.windows.net/werrx01USAHTML/w3.html]
[ger1-secondary.z32.web.core.windows.net/werrx01USAHTML/w1.html]
[ger1-secondary.z32.web.core.windows.net/werrx01USAHTML/css/5f205bb74a5eb_v.css]
[ger1-secondary.z32.web.core.windows.net/werrx01USAHTML/css/froala_style.min.css]
[ger1-secondary.z32.web.core.windows.net/werrx01USAHTML/css/5f205bb63ccd2_v.css]
[ger1-secondary.z32.web.core.windows.net/werrx01USAHTML/css/5f205bc497791_v.css]
[ger1-secondary.z32.web.core.windows.net/werrx01USAHTML/css/fonts/glyphicons-halflings-regular.html]
[ger1-secondary.z32.web.core.windows.net/werrx01USAHTML/css/fonts/glyphicons-halflings-regulard41d.html]
[ger1-secondary.z32.web.core.windows.net/werrx01USAHTML/css/fonts/glyphicons-halflings-regular-2.html]
[ger1-secondary.z32.web.core.windows.net/werrx01USAHTML/css/fonts/glyphicons-halflings-regular-3.html]
[ger1-secondary.z32.web.core.windows.net/werrx01USAHTML/css/fonts/glyphicons-halflings-regular-4.html]
[ger1-secondary.z32.web.core.windows.net/werrx01USAHTML/css/fonts/glyphicons-halflings-regular-5.html]
